// Jest Snapshot v1, https://goo.gl/fbAQLP

exports[`LinkComponent renders content properly 1`] = `
<a
  className="a a--white"
  href="/"
  onClick={[Function]}
/>
`;
